=====================SEMANTICKA ANALIZA=========================
Pretraga na (14), nadjeno Var z: int, 0, 1 
Pretraga na (14), nadjeno Var d: int, 1, 1 
Pretraga na (19), nadjeno Var pom: int, 1, 1 
Pretraga na (20), nadjeno Meth sum: int, 0, 2 
Pretraga na (20), nadjeno Var a: int, 0, 1 
Pretraga na (20), nadjeno Var pom: int, 1, 1 
Pretraga na (31), nadjeno Var ijedva: , 2, 0 
Pretraga na (32), nadjeno Var i: int, 1, 0 
Pretraga na (32), nadjeno Var i: int, 1, 0 
Pretraga na (32), nadjeno Var i: int, 1, 0 
Pretraga na (34), nadjeno Var i: int, 1, 0 
Pretraga na (34), nadjeno Var ijedva: , 2, 0 
Pretraga na (36), nadjeno Var ijedva: , 2, 0 
Pretraga na (37), nadjeno Var i: int, 1, 0 
Pretraga na (41), nadjeno Var niz: Arr of int, 3, 0 
Pretraga na (42), nadjeno Var niz: Arr of int, 3, 0 
Pretraga na (43), nadjeno Var niz: Arr of int, 3, 0 
Pretraga na (44), nadjeno Var niz: Arr of int, 3, 0 
Pretraga na (44), nadjeno Meth sum: int, 0, 2 
Pretraga na (44), nadjeno Var niz: Arr of int, 3, 0 
Pretraga na (44), nadjeno Var niz: Arr of int, 3, 0 
Pretraga na (45), nadjeno Var niz: Arr of int, 3, 0 
Pretraga na (48), nadjeno Var i: int, 1, 0 
Pretraga na (49), nadjeno Var i: int, 1, 0 
Pretraga na (51), nadjeno Var i: int, 1, 0 
Pretraga na (53), nadjeno Var i: int, 1, 0 
Pretraga na (56), nadjeno Var i: int, 1, 0 
Pretraga na (57), nadjeno Var i: int, 1, 0 
Pretraga na (57), nadjeno Meth inkrement: int, 10, 1 
Pretraga na (57), nadjeno Var i: int, 1, 0 
Pretraga na (59), nadjeno Var i: int, 1, 0 
Pretraga na (62), nadjeno Var niz: Arr of int, 3, 0 
Pretraga na (63), nadjeno Var niz: Arr of int, 3, 0 
Pretraga na (64), nadjeno Var niz: Arr of int, 3, 0 
Pretraga na (65), nadjeno Con eol: char, 10, 0 
Pretraga na (67), nadjeno Meth sum: int, 0, 2 
Pretraga na (67), nadjeno Meth sum: int, 0, 2 
Pretraga na (67), nadjeno Var niz: Arr of int, 3, 0 
Pretraga na (67), nadjeno Var niz: Arr of int, 3, 0 
Pretraga na (67), nadjeno Var niz: Arr of int, 3, 0 
=====================SINTAKSNA ANALIZA=========================
Pronadjeno: 2 globalnih promenljivih
Pronadjeno: 0 globalnih konstanti
Pronadjeno: 1 globalnih nizova
Pronadjeno: 0 lokalnih promenljivih
Pronadjeno: 3 globalnih funkcija
Pronadjeno: 0 definicija klasa
Pronadjeno: 0 metoda
Pronadjeno: 3 statement blokova
Pronadjeno: 17 poziva funkcija u mainu
Pronadjeno: 3 formalnih argumenata
Pronadjeno: 0 polja klasa
=====================SYMBOL TABLE DUMP=========================
Var $helper: int, 0, 0 
Prog test302: notype, 0, 0 

Var i: int, 1, 0 
Var ijedva: , 2, 0 
Var niz: Arr of int, 3, 0 
Meth sum: int, 0, 2 
   Var z: int, 0, 1 
   Var d: int, 1, 1 

Meth inkrement: int, 10, 1 
   Var a: int, 0, 1 
   Var pom: int, 1, 1 

Meth main: notype, 24, 0 

Type int: int, -1, -1 
Type char: char, -1, -1 
Con eol: char, 10, 0 
Con null: Class [], 0, 0 
Meth chr: char, 0, 1 
   Var i: int, 0, 1 

Meth ord: int, 0, 1 
   Var ch: char, 0, 1 

Meth len: int, 0, 1 
   Var arr: Arr of notype, 0, 1 

Type bool: , -1, -1 

************************USPESNO ZAVRSENO PARSIRANJE!*************************
